ID 257 gen 48 top level 5 path .snapshots
ID 258 gen 92 top level 257 path .snapshots/1/snapshot
ID 259 gen 41 top level 5 path boot/grub2/i386-pc
ID 260 gen 12 top level 5 path boot/grub2/x86_64-efi
ID 261 gen 41 top level 5 path home
ID 262 gen 49 top level 5 path opt
ID 263 gen 47 top level 5 path srv
ID 264 gen 91 top level 5 path tmp
ID 265 gen 61 top level 5 path usr/local
ID 266 gen 35 top level 5 path var/crash
ID 267 gen 19 top level 5 path var/lib/mailman
ID 268 gen 89 top level 5 path var/lib/named
ID 269 gen 21 top level 5 path var/lib/pgsql
ID 270 gen 90 top level 5 path var/log
ID 271 gen 35 top level 5 path var/opt
ID 272 gen 91 top level 5 path var/spool
ID 273 gen 48 top level 5 path var/tmp
ID 274 gen 27 top level 5 path mysubvol
ID 275 gen 44 top level 274 path mysubvol/mysubsubvol
ID 276 gen 29 top level 5 path @/myothersubvol
ID 277 gen 44 top level 276 path @/myothersubvol/myothersubsubvol
ID 278 gen 30 top level 5 path nocow
ID 279 gen 32 top level 5 path myvol
ID 281 gen 37 top level 258 path var/lib/machines
ID 282 gen 45 top level 257 path .snapshots/2/snapshot
ID 283 gen 46 top level 257 path .snapshots/3/snapshot
ID 284 gen 47 top level 257 path .snapshots/4/snapshot
