ID 257 gen 34 top level 5 path @
ID 258 gen 51 top level 257 path @/.snapshots
ID 259 gen 88 top level 258 path @/.snapshots/1/snapshot
ID 260 gen 44 top level 257 path @/boot/grub2/i386-pc
ID 261 gen 15 top level 257 path @/boot/grub2/x86_64-efi
ID 262 gen 44 top level 257 path @/home
ID 263 gen 51 top level 257 path @/opt
ID 264 gen 50 top level 257 path @/srv
ID 265 gen 88 top level 257 path @/tmp
ID 266 gen 64 top level 257 path @/usr/local
ID 267 gen 38 top level 257 path @/var/crash
ID 268 gen 22 top level 257 path @/var/lib/mailman
ID 269 gen 88 top level 257 path @/var/lib/named
ID 270 gen 24 top level 257 path @/var/lib/pgsql
ID 271 gen 88 top level 257 path @/var/log
ID 272 gen 38 top level 257 path @/var/opt
ID 273 gen 84 top level 257 path @/var/spool
ID 274 gen 51 top level 257 path @/var/tmp
ID 275 gen 30 top level 257 path @/mysubvol
ID 276 gen 47 top level 275 path @/mysubvol/mysubsubvol
ID 277 gen 32 top level 257 path @/myothersubvol
ID 278 gen 47 top level 277 path @/myothersubvol/myothersubsubvol
ID 279 gen 33 top level 257 path @/nocow
ID 280 gen 35 top level 257 path @/myvol
ID 282 gen 40 top level 259 path var/lib/machines
ID 283 gen 48 top level 258 path @/.snapshots/2/snapshot
ID 284 gen 49 top level 258 path @/.snapshots/3/snapshot
ID 285 gen 50 top level 258 path @/.snapshots/4/snapshot
